../Src/gpio.c:9:6:gpio_perip_clock_en	16	static
../Src/gpio.c:31:9:get_port_code	16	static
../Src/gpio.c:53:6:gpio_init	32	static
../Src/gpio.c:117:6:gpio_writeto_output_pin	16	static
../Src/gpio.c:125:6:gpio_toggleto_output_pin	16	static
../Src/gpio.c:130:6:gpio_writeto_output_port	16	static
../Src/gpio.c:135:10:gpio_read_input_pin	24	static
../Src/gpio.c:144:6:clear_pending_reg	16	static
../Src/gpio.c:151:6:EXTI0_IRQHandler	8	static
../Src/gpio.c:158:6:toggle_board_random_led	16	static
